[backblue.gif]
[fade.gif]
[index.html]
[www.cyclismo.org/tutorial/matlab/_static/js/modernizr.min.js]
[pagead2.googlesyndication.com/pagead/f.txt]
[pagead2.googlesyndication.com/pagead/js/f.txt]
[www.cyclismo.org/tutorial/matlab/_static/jquery.js]
[www.cyclismo.org/tutorial/matlab/_static/underscore.js]
[www.cyclismo.org/tutorial/matlab/_static/doctools.js]
[www.cyclismo.org/tutorial/matlab/_static/js/theme.js]
[www.cyclismo.org/tutorial/matlab/index.html]
[www.cyclismo.org/tutorial/matlab/_static/fonts/fontawesome-webfont78ce.eot]
[www.cyclismo.org/tutorial/matlab/_static/fonts/fontawesome-webfontd41d.eot]
[www.cyclismo.org/tutorial/matlab/_static/fonts/fontawesome-webfont78ce.woff]
[www.cyclismo.org/tutorial/matlab/_static/fonts/fontawesome-webfont78ce.ttf]
[www.cyclismo.org/tutorial/matlab/_static/fonts/Inconsolata-Regular.ttf]
[www.cyclismo.org/tutorial/matlab/_static/fonts/Inconsolata-Bold.ttf]
[www.cyclismo.org/tutorial/matlab/_static/fonts/Lato-Regular.ttf]
[www.cyclismo.org/tutorial/matlab/_static/fonts/Lato-Bold.ttf]
[www.cyclismo.org/tutorial/matlab/_static/fonts/RobotoSlab-Regular.ttf]
[www.cyclismo.org/tutorial/matlab/_static/fonts/RobotoSlab-Bold.ttf]
[www.cyclismo.org/tutorial/matlab/_static/css/theme.css]
[www.cyclismo.org/tutorial/matlab/_static/siteColours.css]
[www.cyclismo.org/tutorial/matlab/vector.html]
[www.cyclismo.org/tutorial/matlab/matrix.html]
[www.cyclismo.org/tutorial/matlab/operations.html]
[www.cyclismo.org/tutorial/matlab/control.html]
[www.cyclismo.org/tutorial/matlab/_images/course.gif]
[www.cyclismo.org/tutorial/matlab/_images/error.gif]
[www.cyclismo.org/tutorial/matlab/plot.html]
[www.cyclismo.org/tutorial/matlab/_downloads/simpleEuler.m]
[www.cyclismo.org/tutorial/matlab/execute.html]
[www.cyclismo.org/tutorial/matlab/_downloads/gaussElim.m]
[www.cyclismo.org/tutorial/matlab/_static/eulerApprox.m]
[www.cyclismo.org/tutorial/matlab/_downloads/f.m]
[www.cyclismo.org/tutorial/matlab/subroutine.html]
[www.cyclismo.org/tutorial/matlab/_downloads/ifDemo.m]
[www.cyclismo.org/tutorial/matlab/if.html]
[www.cyclismo.org/tutorial/matlab/dataFile.html]
[www.cyclismo.org/tutorial/matlab/666666.html]
[www.cyclismo.org/tutorial/matlab/genindex.html]
[www.cyclismo.org/tutorial/matlab/_static/searchtools.js]
[www.cyclismo.org/tutorial/matlab/searchindex.js]
[www.cyclismo.org/tutorial/matlab/search.html]
[www.cyclismo.org/tutorial/matlab/index-2.html]
[www.cyclismo.org/tutorial/matlab/href=_mailto_kjblack@gmail.html]
[www.cyclismo.org/tutorial/matlab/_static/fonts/fontawesome-webfont78ce.svg]
[cdn.mathjax.org/mathjax/latest/MathJaxdda6.js]
[licensebuttons.net/l/by-nc/4.0/80x15.png]
